2 Brucie Flush Ace
2 Jewell Flush Ace
3 Kalinda Flush King
4 Grant Flush 9
