1 Cheater Four of a Kind 7
2 Ulberto Four of a Kind 6 (kicker Queen)
4 Klara Four of a Kind 6
4 Alyson Four of a Kind 6
5 Irvin Four of a Kind 6 (kicker 10)
