1 Becky Straight Ace
2 Sam Two Pair Ace King
3 John Pair 7
