1 Starla Full House 10 8
2 Lelah Full House 8 6
3 Carter Full House 6 8
