1 Dylan Highcard Ace
2 Henry Highcard King
3 Edward Highcard Queen
4 Illana Highcard Jack
5 Julie Highcard 10
6 Becky Highcard 9
