1 Creigh Highcard King (kicker Queen)
2 Cassey Highcard King (kicker Jack)
3 Kalinda Highcard King (kicker 10)
4 Winnie Highcard 10 (kicker 9 8 7)
5 Foster Highcard 10 (kicker 9 8 6)
6 Alvin Highcard 10 (kicker 9 7)
7 Lowrance Highcard 10 (kicker 8)
