1 Donni Pair 8 (kicker Jack)
2 Beaufort Pair 8 (kicker 10)
3 Anderea Pair 6 (kicker Jack)
4 Zane Pair 6 (kicker 10)
