2 Lexine Highcard Ace
2 Francois Highcard Ace
3 Laney Highcard King
4 Evelin Highcard Jack
