1 Evelin Highcard Ace
2 Laney Highcard King
4 Lexine Highcard Jack
4 Francois Highcard Jack
