1 Helli Highcard Ace
4 Leese Highcard Queen
4 Ariel Highcard Queen
4 Mari Highcard Queen
5 Darcy Highcard 10
