1 Anne-marie Royal Flush
2 Melicent Straight Flush Queen
3 Jaimie Straight Flush 9
5 Damaris Straight Queen
5 Gerik Straight Queen
