1 Cheater Three of a Kind 10 (kicker Jack)
2 Kira Three of a Kind 10 (kicker 8)
3 Chip Three of a Kind 4
